# typed-priority.2 candidate fresh GPU failure evidence

This transcript was captured directly from the first canonical composed run after the candidate PTX rebuild. It is intentionally retained as failed evidence: mutation 3 zeroed the entire task id instead of only its local-id half, and the exact oracle rejected the false kill.

Command:
```text
ssh nv 'cd /home/fbsh/async-gpu && /usr/bin/time -f "TOTAL_SECONDS=%e EXIT=%x" timeout --signal=TERM --kill-after=10s 300s env NO_COLOR=1 CARGO_TERM_COLOR=never AUTO_BUILD_KERNEL=0 ONLY_TEST=composed_priority cargo run -p gpu-test-harness --bin gpu-tests'
```

Metadata and source snapshot:
```text
2026-08-15T05:40:04+08:00
NVIDIA GeForce RTX 4070, 8.9, 595.84
9807fbe4a03cf65b365218deddee61d6692cf668650ba0b434441cb59b7fc02a  crates/core/gpu-host/kernel_io.ptx
size=4414079 mtime=2026-08-15 05:30:34.624586575 +0800
f3488a3d54b3a27538bdfa00979d481d526afa96670f9adff5b5bc04184cd8e9  crates/core/gpu-protocol/src/lib.rs
c281ef72a39e7e8f274147a32f10595b5e57e0f323eadf36597e217b01f78e85  crates/core/gpu-runtime/src/executor.rs
e011b0621ca38049cb601c1b0e71ca1d4830dd908f10f333c70cc2564a6a3f3c  crates/core/gpu-runtime/src/priority.rs
ea98c9c5542f97a4e7cc74667e544ddd3210cbecee7fe6cd91c3e36592f12eb1  crates/core/gpu-runtime/src/hostcall.rs
ed37914088a09348d3ae69d379f8da079560cb10aca3a27502c50bba86ed4b58  crates/core/gpu-host/src/hostcall.rs
c62050904cdefe7cbd444904df8c85f54b5c71eb916f040c2d0072ed1481aab9  crates/kernel/gpu-kernel-io/src/composed_priority.rs
5d1820fa0adf96a3427ee7b9a4ca800eb90ef4e038af3d3658ece58bb48743cb  crates/kernel/gpu-kernel-io/src/priority_safety_stress.rs
693054d5f921760ae0e0ec72dac5ef00a57ec4d3c2f200f4f6b54c0bcaf19b17  crates/test/gpu-test-harness/src/composed_oracle.rs
377e6491f69d0c786e5da7968fdaafcaf17680f1dfec6e0a67c541a56c69d7e1  crates/test/gpu-test-harness/src/tests_obstacle.rs
867a12861fc74dcceafb551a42653ff977bd802e7eb13085db406db4d8cabf00  crates/test/gpu-test-harness/src/tests_priority_safety.rs
```

Static assembler gate:
```text
ptxas -arch=sm_89: EXIT=0, PTXAS_SECONDS=181.03, cubin_size=20397216
```

Raw stdout/stderr:
```text
   Compiling gpu-protocol v0.1.0 (/home/fbsh/async-gpu/crates/core/gpu-protocol)
   Compiling gpu-host v0.1.0 (/home/fbsh/async-gpu/crates/core/gpu-host)
   Compiling gpu-test-harness v0.1.0 (/home/fbsh/async-gpu/crates/test/gpu-test-harness)
    Finished `dev` profile [unoptimized + debuginfo] target(s) in 6.87s
     Running `target/debug/gpu-tests`
=== GPU Kernel Execution Test ===

CUDA device initialized successfully
ONLY_TEST=composed_priority: route plan=io
ONLY_TEST=composed_priority: explicit PTX route=io symbols=["composed_priority_hostcall_e2e", "priority_echo_timeout_reuse"]

--- typed priority + v3 hostcall composed E2E ---
  语义范围：协作式 poll-boundary 优先级；不声称硬实时响应界。 
  mutation=0 (positive typed High): dispatch=4722 inject=1120 first=1121 pending=2 events=1 audit=HostcallPoolAudit { ready_empty: true, idle_packets: 5, general_mask: 15, shared_high_mask: 16, duplicate_entries: 0, missing_packets: 0, non_idle_controls: 0 } verdict=Pass
    raw=[3, 112, 4, 13861516703092965377, 190292254, 241, 5, 4, 1, 224, 16, 6, 119809, 73727, 866359148514252356, 866359148514252356, 224, 1, 4, 15, 16, 1, 4722, 1120, 1121, 1121, 1123, 2243, 3363, 4483, 1786743792123922432, 1786743792124042240, 2, 4, 16, 241, 241, 0, 0, 0, 817299007612125425, 190292254, 241, 2, 4, 1, 13861516703092965377, 817299007612125425, 2, 4, 1, 1, 1, 0, 1, 1, 5, 15, 16, 0, 0, 1786743792123848704, 1, 0, 1, 1, 224, 0, 1, 817299007612125425, 0, 1, 0, 1, 1, 1, 1786743792123922432, 1786743792124042240, 119808, 119809, 1, 0, 1, 0, 1, 1, 1786743792123922432, 1786743792124042240, 119808, 119809, 0, 0, 2, 2, 0, 2, 1786743792123922430, 1786743792124042240, 119810, 119809, 1, 0, 3, 2, 0, 3, 1786743792123848704, 1786743792123922432, 73728, 73727, 1, 0]
    host_events=[PriorityEchoEvent { request_nonce: 13861516703092965377, echo_nonce: 13861516703092965377, task_id: 817299007612125425, namespace: 190292254, local_id: 241, priority: High, packet_index: 4, generation: 1, shared_high_reserved: true, process_sequence: 1, process_count: 1, error_category: 0 }]
  mutation=1 (isolated raw substitution (High admission, then Normal FIFO requeue)): dispatch=1382 inject=1120 first=1142 pending=0 events=0 audit=HostcallPoolAudit { ready_empty: true, idle_packets: 5, general_mask: 15, shared_high_mask: 16, duplicate_entries: 0, missing_packets: 0, non_idle_controls: 0 } verdict=Fail(["High first-poll gap must be 1..=6, got inject=1120 first=1142 gap=22", "High inject/first timestamps invalid: inject=1786743792321969152 first=0", "mandatory first async poll returned Pending: expected=1, actual=0", "async echo total Pending polls must be at least one", "High submit sequence: expected=1142, actual=0", "High ready must follow submit: first=1142 ready=0", "typed wait/join timeline invalid: inject=1120 wait=0 join=0 second=0", "wire task id: expected=817299007612125425, actual=0", "wire namespace: expected=190292254, actual=0", "wire local id: expected=241, actual=0", "wire priority: expected=2, actual=0", "GPU packet index: expected=4, actual=0", "GPU shared reserve provenance: expected=1, actual=0", "echo nonce: expected=13861516703092965378, actual=0", "echo task id: expected=817299007612125425, actual=0", "echo priority: expected=2, actual=0", "echo packet index: expected=4, actual=0", "echo shared reserve provenance: expected=1, actual=0", "echo process count: expected=1, actual=0", "join success: expected=1, actual=0", "second join AlreadyJoined: expected=1, actual=0", "join output identity: expected=817299007612125425, actual=0", "Low token consumed: expected=1, actual=0", "host event count: expected=1, actual=0", "fresh hazard timestamps invalid: sample=0 now=0", "fresh safe timestamps invalid: sample=0 now=0", "stale timestamps invalid: sample=0 now=0", "deadline timestamps invalid: sample=1786743792321969152 now=0", "deadline latency must exceed injected smaller threshold"])
    raw=[3, 112, 4, 13861516703092965378, 190292254, 241, 5, 4, 1, 224, 16, 6, 1, 0, 866359148514252356, 866359148514252356, 224, 1, 4, 15, 16, 1, 1382, 1120, 1142, 0, 0, 0, 0, 0, 0, 0, 0, 4, 16, 241, 241, 0, 0, 0, 0, 0, 0, 0, 0, 0, 0, 0, 0, 0, 0, 0, 0, 0, 0, 1, 5, 15, 16, 0, 0, 1786743792321969152, 0, 1, 0, 0, 224, 0, 0, 0, 1, 1, 0, 1, 1, 1, 0, 0, 0, 1, 1, 0, 1, 0, 1, 1, 0, 0, 0, 1, 0, 0, 2, 2, 0, 2, 0, 0, 2, 1, 1, 0, 3, 2, 0, 3, 1786743792321969152, 0, 0, 0, 1, 0]
    host_events=[]
  mutation=2 (wire priority downgrade): dispatch=4720 inject=1120 first=1121 pending=0 events=0 audit=HostcallPoolAudit { ready_empty: true, idle_packets: 5, general_mask: 15, shared_high_mask: 16, duplicate_entries: 0, missing_packets: 0, non_idle_controls: 0 } verdict=Fail(["mandatory first async poll returned Pending: expected=1, actual=0", "async echo total Pending polls must be at least one", "High submit sequence: expected=1121, actual=0", "High ready must follow submit: first=1121 ready=0", "wire priority: expected=2, actual=1", "GPU packet index: expected=4, actual=0", "GPU shared reserve provenance: expected=1, actual=0", "echo nonce: expected=13861516703092965379, actual=0", "echo task id: expected=817299007612125425, actual=0", "echo priority: expected=2, actual=0", "echo packet index: expected=4, actual=0", "echo shared reserve provenance: expected=1, actual=0", "echo process count: expected=1, actual=0", "echo host error: expected=0, actual=9", "join output identity: expected=817299007612125425, actual=9223372036854775817", "host event count: expected=1, actual=0", "fresh hazard timestamps invalid: sample=1786743792384228352 now=0", "fresh safe timestamps invalid: sample=1786743792384228352 now=0", "stale timestamps invalid: sample=0 now=0"])
    raw=[3, 112, 4, 13861516703092965379, 190292254, 241, 5, 4, 1, 224, 16, 6, 1, 69631, 866359148514252356, 866359148514252356, 224, 1, 4, 15, 16, 1, 4720, 1120, 1121, 0, 0, 2241, 3361, 4481, 1786743792384228352, 0, 0, 4, 16, 241, 241, 0, 0, 0, 817299007612125425, 190292254, 241, 1, 0, 0, 0, 0, 0, 0, 0, 0, 0, 9, 0, 1, 5, 15, 16, 0, 0, 1786743792384158720, 0, 2, 1, 1, 224, 0, 1, 9223372036854775817, 2, 1, 0, 1, 1, 1, 1786743792384228352, 0, 0, 1, 1, 0, 1, 0, 1, 1, 1786743792384228352, 0, 0, 1, 0, 0, 2, 2, 0, 2, 0, 0, 2, 1, 1, 0, 3, 2, 0, 3, 1786743792384158720, 1786743792384228352, 69632, 69631, 1, 0]
    host_events=[]
  mutation=3 (wire identity corruption): dispatch=4724 inject=1120 first=1121 pending=4 events=1 audit=HostcallPoolAudit { ready_empty: true, idle_packets: 5, general_mask: 15, shared_high_mask: 16, duplicate_entries: 0, missing_packets: 0, non_idle_controls: 0 } verdict=Fail(["wire task id: expected=817299007612125425, actual=0", "wire namespace: expected=190292254, actual=0", "wire local id: expected=241, actual=0", "echo nonce: expected=13861516703092965380, actual=0", "echo task id: expected=817299007612125425, actual=0", "echo priority: expected=2, actual=0", "echo packet index: expected=4, actual=0", "echo shared reserve provenance: expected=1, actual=0", "echo process count: expected=1, actual=0", "echo host error: expected=0, actual=4", "join output identity: expected=817299007612125425, actual=9223372036854775812", "host task id: expected=817299007612125425, actual=0", "host namespace: expected=190292254, actual=0", "host local id: expected=241, actual=0", "host error event: expected=0, actual=4", "echo/host process sequence: expected=1, actual=0"])
    raw=[3, 112, 4, 13861516703092965380, 190292254, 241, 5, 4, 1, 224, 16, 6, 192513, 69631, 866359148514252356, 866359148514252356, 224, 1, 4, 15, 16, 1, 4724, 1120, 1121, 1121, 1125, 2245, 3365, 4485, 1786743792573138944, 1786743792573331456, 4, 4, 16, 241, 241, 0, 0, 0, 0, 0, 0, 2, 4, 1, 0, 0, 0, 0, 0, 0, 0, 4, 1, 1, 5, 15, 16, 0, 0, 1786743792573069312, 1, 3, 1, 1, 224, 0, 1, 9223372036854775812, 3, 1, 0, 1, 1, 1, 1786743792573138944, 1786743792573331456, 192512, 192513, 1, 0, 1, 0, 1, 1, 1786743792573138944, 1786743792573331456, 192512, 192513, 0, 0, 2, 2, 0, 2, 1786743792573138942, 1786743792573331456, 192514, 192513, 1, 0, 3, 2, 0, 3, 1786743792573069312, 1786743792573138944, 69632, 69631, 1, 0]
    host_events=[PriorityEchoEvent { request_nonce: 13861516703092965380, echo_nonce: 13861516703092965380, task_id: 0, namespace: 0, local_id: 0, priority: High, packet_index: 4, generation: 1, shared_high_reserved: true, process_sequence: 1, process_count: 1, error_category: 4 }]
Error: Verification { test: "composed_priority_hostcall_e2e", detail: "fault mutation 3 (wire identity corruption) failed only unrelated gates; designated gate stayed green: wire task id: expected=817299007612125425, actual=0; wire namespace: expected=190292254, actual=0; wire local id: expected=241, actual=0; echo nonce: expected=13861516703092965380, actual=0; echo task id: expected=817299007612125425, actual=0; echo priority: expected=2, actual=0; echo packet index: expected=4, actual=0; echo shared reserve provenance: expected=1, actual=0; echo process count: expected=1, actual=0; echo host error: expected=0, actual=4; join output identity: expected=817299007612125425, actual=9223372036854775812; host task id: expected=817299007612125425, actual=0; host namespace: expected=190292254, actual=0; host local id: expected=241, actual=0; host error event: expected=0, actual=4; echo/host process sequence: expected=1, actual=0" }
Command exited with non-zero status 1
TOTAL_SECONDS=194.74 EXIT=1
```
