Final snapshot fresh GPU evidence: typed-priority.2 / priority-hostcall-e2e.3
Recorded: 2026-08-15 Asia/Shanghai
Command: ssh nv 'cd /home/fbsh/async-gpu && /usr/bin/time -f "TOTAL_SECONDS=%e EXIT=%x" timeout --signal=TERM --kill-after=10s 300s env NO_COLOR=1 CARGO_TERM_COLOR=never AUTO_BUILD_KERNEL=0 ONLY_TEST=composed_priority cargo run -p gpu-test-harness --bin gpu-tests'
Device: NVIDIA GeForce RTX 4070; UUID GPU-c3061cf0-9e64-7540-8723-7b11cdfd15d8; driver 595.84; compute capability 8.9
Protocol source SHA-256: dcc3674606d39f461a49c9778718b1912bba8557cb81460483cdd76ccb84c9c6
Composed kernel source SHA-256: 1d6d0a1d8dd2729b1b6c9a2474b4e9b0a0e792f6990bb0b1c45ffece1135e7be
Safety kernel source SHA-256: 0f0fb1adb39b639c5ea17aa0a543bc216c89a603e3b7cdfb9f10c2d4392b9681
Safety host oracle SHA-256: 3e09bbc689ffab73a42a3d5e6fcaffa958d1429b662096b0be6a6d1b0f8886a7
Executor source SHA-256: c281ef72a39e7e8f274147a32f10595b5e57e0f323eadf36597e217b01f78e85
Priority source SHA-256: e011b0621ca38049cb601c1b0e71ca1d4830dd908f10f333c70cc2564a6a3f3c
IO PTX SHA-256: 81be2f544855c6c21b1271d7ed101cccbe2b4ba5b48ef937a8dc409215b5449e
IO PTX size: 4421077 bytes; mtime: 2026-08-15 06:12:18.651879548 +0800
Route gate: 6/6 canonical entries occur exactly once
ptxas: sm_89 PASS; 181.72s; cubin 20401312 bytes
Freshness: first CUDA/JIT launch after this final-snapshot PTX build. Earlier eefd4d97 evidence is retained as a superseded pre-safety-kernel snapshot.
Capture provenance: every exec_command/write_stdin output chunk was appended directly to a persistent tool buffer; apply_patch consumed that exact byte string without UI copy, SSH reread, or manual transcription.

--- BEGIN RAW STDOUT+STDERR ---
   Compiling gpu-host v0.1.0 (/home/fbsh/async-gpu/crates/core/gpu-host)
   Compiling gpu-test-harness v0.1.0 (/home/fbsh/async-gpu/crates/test/gpu-test-harness)
    Finished `dev` profile [unoptimized + debuginfo] target(s) in 3.57s
     Running `target/debug/gpu-tests`
=== GPU Kernel Execution Test ===

CUDA device initialized successfully
ONLY_TEST=composed_priority: route plan=io
ONLY_TEST=composed_priority: explicit PTX route=io symbols=["composed_priority_hostcall_e2e", "priority_echo_timeout_reuse"]

--- typed priority + v3 hostcall composed E2E ---
  语义范围：协作式 poll-boundary 优先级；不声称硬实时响应界。 
  mutation=0 (positive typed High): dispatch=4721 inject=1120 first=1121 pending=1 events=1 audit=HostcallPoolAudit { ready_empty: true, idle_packets: 5, general_mask: 15, shared_high_mask: 16, duplicate_entries: 0, missing_packets: 0, non_idle_controls: 0 } verdict=Pass
    raw=[3, 112, 4, 13861516703092965377, 190292254, 241, 5, 4, 1, 224, 16, 6, 77825, 72703, 866359148514252356, 866359148514252356, 224, 1, 4, 15, 16, 1, 4721, 1120, 1121, 1121, 1122, 2242, 3362, 4482, 1786745960115731456, 1786745960115809280, 1, 4, 16, 241, 241, 0, 0, 0, 817299007612125425, 190292254, 241, 2, 4, 1, 13861516703092965377, 817299007612125425, 2, 4, 1, 1, 1, 0, 1, 1, 5, 15, 16, 0, 0, 1786745960115658752, 1, 0, 1, 1, 224, 0, 1, 817299007612125425, 0, 1, 0, 1, 1, 1, 1786745960115731456, 1786745960115809280, 77824, 77825, 1, 0, 1, 0, 1, 1, 1786745960115731456, 1786745960115809280, 77824, 77825, 0, 0, 2, 2, 0, 2, 1786745960115731454, 1786745960115809280, 77826, 77825, 1, 0, 3, 2, 0, 3, 1786745960115658752, 1786745960115731456, 72704, 72703, 1, 0]
    host_events=[PriorityEchoEvent { request_nonce: 13861516703092965377, echo_nonce: 13861516703092965377, task_id: 817299007612125425, namespace: 190292254, local_id: 241, priority: High, packet_index: 4, generation: 1, shared_high_reserved: true, process_sequence: 1, process_count: 1, error_category: 0 }]
  mutation=1 (isolated raw substitution (High admission, then Normal FIFO requeue)): dispatch=1382 inject=1120 first=1142 pending=0 events=0 audit=HostcallPoolAudit { ready_empty: true, idle_packets: 5, general_mask: 15, shared_high_mask: 16, duplicate_entries: 0, missing_packets: 0, non_idle_controls: 0 } verdict=Fail(["High first-poll gap must be 1..=6, got inject=1120 first=1142 gap=22", "High inject/first timestamps invalid: inject=1786745960307733504 first=0", "mandatory first async poll returned Pending: expected=1, actual=0", "async echo total Pending polls must be at least one", "High submit sequence: expected=1142, actual=0", "High ready must follow submit: first=1142 ready=0", "typed wait/join timeline invalid: inject=1120 wait=0 join=0 second=0", "wire task id: expected=817299007612125425, actual=0", "wire namespace: expected=190292254, actual=0", "wire local id: expected=241, actual=0", "wire priority: expected=2, actual=0", "GPU packet index: expected=4, actual=0", "GPU shared reserve provenance: expected=1, actual=0", "echo nonce: expected=13861516703092965378, actual=0", "echo task id: expected=817299007612125425, actual=0", "echo priority: expected=2, actual=0", "echo packet index: expected=4, actual=0", "echo shared reserve provenance: expected=1, actual=0", "echo process count: expected=1, actual=0", "join success: expected=1, actual=0", "second join AlreadyJoined: expected=1, actual=0", "join output identity: expected=817299007612125425, actual=0", "Low token consumed: expected=1, actual=0", "host event count: expected=1, actual=0", "fresh hazard timestamps invalid: sample=0 now=0", "fresh safe timestamps invalid: sample=0 now=0", "stale timestamps invalid: sample=0 now=0", "deadline timestamps invalid: sample=1786745960307733504 now=0", "deadline latency must exceed injected smaller threshold"])
    raw=[3, 112, 4, 13861516703092965378, 190292254, 241, 5, 4, 1, 224, 16, 6, 1, 0, 866359148514252356, 866359148514252356, 224, 1, 4, 15, 16, 1, 1382, 1120, 1142, 0, 0, 0, 0, 0, 0, 0, 0, 4, 16, 241, 241, 0, 0, 0, 0, 0, 0, 0, 0, 0, 0, 0, 0, 0, 0, 0, 0, 0, 0, 1, 5, 15, 16, 0, 0, 1786745960307733504, 0, 1, 0, 0, 224, 0, 0, 0, 1, 1, 0, 1, 1, 1, 0, 0, 0, 1, 1, 0, 1, 0, 1, 1, 0, 0, 0, 1, 0, 0, 2, 2, 0, 2, 0, 0, 2, 1, 1, 0, 3, 2, 0, 3, 1786745960307733504, 0, 0, 0, 1, 0]
    host_events=[]
  mutation=2 (wire priority downgrade): dispatch=4720 inject=1120 first=1121 pending=0 events=0 audit=HostcallPoolAudit { ready_empty: true, idle_packets: 5, general_mask: 15, shared_high_mask: 16, duplicate_entries: 0, missing_packets: 0, non_idle_controls: 0 } verdict=Fail(["mandatory first async poll returned Pending: expected=1, actual=0", "async echo total Pending polls must be at least one", "High submit sequence: expected=1121, actual=0", "High ready must follow submit: first=1121 ready=0", "wire priority: expected=2, actual=1", "GPU packet index: expected=4, actual=0", "GPU shared reserve provenance: expected=1, actual=0", "echo nonce: expected=13861516703092965379, actual=0", "echo task id: expected=817299007612125425, actual=0", "echo priority: expected=2, actual=0", "echo packet index: expected=4, actual=0", "echo shared reserve provenance: expected=1, actual=0", "echo process count: expected=1, actual=0", "echo host error: expected=0, actual=9", "join output identity: expected=817299007612125425, actual=9223372036854775817", "host event count: expected=1, actual=0", "fresh hazard timestamps invalid: sample=1786745960370078720 now=0", "fresh safe timestamps invalid: sample=1786745960370078720 now=0", "stale timestamps invalid: sample=0 now=0"])
    raw=[3, 112, 4, 13861516703092965379, 190292254, 241, 5, 4, 1, 224, 16, 6, 1, 69631, 866359148514252356, 866359148514252356, 224, 1, 4, 15, 16, 1, 4720, 1120, 1121, 0, 0, 2241, 3361, 4481, 1786745960370078720, 0, 0, 4, 16, 241, 241, 0, 0, 0, 817299007612125425, 190292254, 241, 1, 0, 0, 0, 0, 0, 0, 0, 0, 0, 9, 0, 1, 5, 15, 16, 0, 0, 1786745960370009088, 0, 2, 1, 1, 224, 0, 1, 9223372036854775817, 2, 1, 0, 1, 1, 1, 1786745960370078720, 0, 0, 1, 1, 0, 1, 0, 1, 1, 1786745960370078720, 0, 0, 1, 0, 0, 2, 2, 0, 2, 0, 0, 2, 1, 1, 0, 3, 2, 0, 3, 1786745960370009088, 1786745960370078720, 69632, 69631, 1, 0]
    host_events=[]
  mutation=3 (wire identity corruption): dispatch=4722 inject=1120 first=1121 pending=2 events=1 audit=HostcallPoolAudit { ready_empty: true, idle_packets: 5, general_mask: 15, shared_high_mask: 16, duplicate_entries: 0, missing_packets: 0, non_idle_controls: 0 } verdict=Fail(["wire task id: expected=817299007612125425, actual=817299007612125184", "wire local id: expected=241, actual=0", "echo nonce: expected=13861516703092965380, actual=0", "echo task id: expected=817299007612125425, actual=0", "echo priority: expected=2, actual=0", "echo packet index: expected=4, actual=0", "echo shared reserve provenance: expected=1, actual=0", "echo process count: expected=1, actual=0", "echo host error: expected=0, actual=4", "join output identity: expected=817299007612125425, actual=9223372036854775812", "host task id: expected=817299007612125425, actual=817299007612125184", "host local id: expected=241, actual=0", "host error event: expected=0, actual=4", "echo/host process sequence: expected=1, actual=0"])
    raw=[3, 112, 4, 13861516703092965380, 190292254, 241, 5, 4, 1, 224, 16, 6, 116737, 69631, 866359148514252356, 866359148514252356, 224, 1, 4, 15, 16, 1, 4722, 1120, 1121, 1121, 1123, 2243, 3363, 4483, 1786745960558990336, 1786745960559107072, 2, 4, 16, 241, 241, 0, 0, 0, 817299007612125184, 190292254, 0, 2, 4, 1, 0, 0, 0, 0, 0, 0, 0, 4, 1, 1, 5, 15, 16, 0, 0, 1786745960558920704, 1, 3, 1, 1, 224, 0, 1, 9223372036854775812, 3, 1, 0, 1, 1, 1, 1786745960558990336, 1786745960559107072, 116736, 116737, 1, 0, 1, 0, 1, 1, 1786745960558990336, 1786745960559107072, 116736, 116737, 0, 0, 2, 2, 0, 2, 1786745960558990334, 1786745960559107072, 116738, 116737, 1, 0, 3, 2, 0, 3, 1786745960558920704, 1786745960558990336, 69632, 69631, 1, 0]
    host_events=[PriorityEchoEvent { request_nonce: 13861516703092965380, echo_nonce: 13861516703092965380, task_id: 817299007612125184, namespace: 190292254, local_id: 0, priority: High, packet_index: 4, generation: 1, shared_high_reserved: true, process_sequence: 1, process_count: 1, error_category: 4 }]
  mutation=4 (host forced error): dispatch=4722 inject=1120 first=1121 pending=2 events=1 audit=HostcallPoolAudit { ready_empty: true, idle_packets: 5, general_mask: 15, shared_high_mask: 16, duplicate_entries: 0, missing_packets: 0, non_idle_controls: 0 } verdict=Fail(["echo nonce: expected=13861516703092965381, actual=0", "echo task id: expected=817299007612125425, actual=0", "echo priority: expected=2, actual=0", "echo packet index: expected=4, actual=0", "echo shared reserve provenance: expected=1, actual=0", "echo process count: expected=1, actual=0", "echo host error: expected=0, actual=5", "join output identity: expected=817299007612125425, actual=9223372036854775813", "host error event: expected=0, actual=5", "echo/host process sequence: expected=1, actual=0"])
    raw=[3, 112, 4, 13861516703092965381, 190292254, 241, 5, 4, 1, 224, 16, 6, 112641, 69631, 866359148514252356, 866359148514252356, 224, 1, 4, 15, 16, 1, 4722, 1120, 1121, 1121, 1123, 2243, 3363, 4483, 1786745960749062144, 1786745960749174784, 2, 4, 16, 241, 241, 0, 0, 0, 817299007612125425, 190292254, 241, 2, 4, 1, 0, 0, 0, 0, 0, 0, 0, 5, 1, 1, 5, 15, 16, 0, 0, 1786745960748992512, 1, 4, 1, 1, 224, 0, 1, 9223372036854775813, 4, 1, 0, 1, 1, 1, 1786745960749062144, 1786745960749174784, 112640, 112641, 1, 0, 1, 0, 1, 1, 1786745960749062144, 1786745960749174784, 112640, 112641, 0, 0, 2, 2, 0, 2, 1786745960749062142, 1786745960749174784, 112642, 112641, 1, 0, 3, 2, 0, 3, 1786745960748992512, 1786745960749062144, 69632, 69631, 1, 0]
    host_events=[PriorityEchoEvent { request_nonce: 13861516703092965381, echo_nonce: 13861516703092965381, task_id: 817299007612125425, namespace: 190292254, local_id: 241, priority: High, packet_index: 4, generation: 1, shared_high_reserved: true, process_sequence: 1, process_count: 1, error_category: 5 }]
  mutation=5 (join replay evidence): dispatch=4723 inject=1120 first=1121 pending=3 events=1 audit=HostcallPoolAudit { ready_empty: true, idle_packets: 5, general_mask: 15, shared_high_mask: 16, duplicate_entries: 0, missing_packets: 0, non_idle_controls: 0 } verdict=Fail(["second join AlreadyJoined: expected=1, actual=0"])
    raw=[3, 112, 4, 13861516703092965382, 190292254, 241, 5, 4, 1, 224, 16, 6, 153601, 69631, 866359148514252356, 866359148514252356, 224, 1, 4, 15, 16, 1, 4723, 1120, 1121, 1121, 1124, 2244, 3364, 4484, 1786745960940204032, 1786745960940357632, 3, 4, 16, 241, 241, 0, 0, 0, 817299007612125425, 190292254, 241, 2, 4, 1, 13861516703092965382, 817299007612125425, 2, 4, 1, 1, 1, 0, 1, 1, 5, 15, 16, 0, 0, 1786745960940134400, 1, 5, 1, 0, 224, 0, 1, 817299007612125425, 5, 1, 0, 1, 1, 1, 1786745960940204032, 1786745960940357632, 153600, 153601, 1, 0, 1, 0, 1, 1, 1786745960940204032, 1786745960940357632, 153600, 153601, 0, 0, 2, 2, 0, 2, 1786745960940204030, 1786745960940357632, 153602, 153601, 1, 0, 3, 2, 0, 3, 1786745960940134400, 1786745960940204032, 69632, 69631, 1, 0]
    host_events=[PriorityEchoEvent { request_nonce: 13861516703092965382, echo_nonce: 13861516703092965382, task_id: 817299007612125425, namespace: 190292254, local_id: 241, priority: High, packet_index: 4, generation: 1, shared_high_reserved: true, process_sequence: 1, process_count: 1, error_category: 0 }]
  timeout/reclaim/reuse: raw=[1, 3390164497, 3390164514, 1, 16, 11860, 1, 3390164514, 1, 4, 0, 1, 0, 0, 0, 0] events=[PriorityEchoEvent { request_nonce: 3390164497, echo_nonce: 3390164497, task_id: 817299007612125434, namespace: 190292254, local_id: 250, priority: High, packet_index: 1, generation: 1, shared_high_reserved: true, process_sequence: 1, process_count: 1, error_category: 16 }, PriorityEchoEvent { request_nonce: 3390164514, echo_nonce: 3390164514, task_id: 817299007612125435, namespace: 190292254, local_id: 251, priority: High, packet_index: 1, generation: 2, shared_high_reserved: true, process_sequence: 2, process_count: 1, error_category: 0 }] metrics=HostcallProcessingMetrics { completed: 1, errors: 0, cancelled: 1, stale_rejected: 0 } audit=HostcallPoolAudit { ready_empty: true, idle_packets: 2, general_mask: 1, shared_high_mask: 2, duplicate_entries: 0, missing_packets: 0, non_idle_controls: 0 }
  PASS: positive + five killed mutations + cancel/reclaim/reuse。 
TOTAL_SECONDS=191.99 EXIT=0
--- END RAW STDOUT+STDERR ---

