# typed-priority.2 / composed priority GPU canonical evidence

Command:
```text
ssh nv 'cd /home/fbsh/async-gpu && /usr/bin/time -f "TOTAL_SECONDS=%e EXIT=%x" timeout --signal=TERM --kill-after=10s 300s env NO_COLOR=1 CARGO_TERM_COLOR=never AUTO_BUILD_KERNEL=0 ONLY_TEST=composed_priority cargo run -p gpu-test-harness --bin gpu-tests'
```

Metadata:
```text
2026-08-15T04:46:58+08:00
NVIDIA GeForce RTX 4070, 8.9, 595.84
963bc51ba34697982e8e0bd5b6343a19fd530c042db5180dfc687dca814c61b9  crates/core/gpu-host/kernel_io.ptx
size=4126722 mtime=2026-08-15 04:41:46.438096707 +0800
```

Raw stdout/stderr:
```text
    Finished `dev` profile [unoptimized + debuginfo] target(s) in 0.15s
     Running `target/debug/gpu-tests`
=== GPU Kernel Execution Test ===

CUDA device initialized successfully
ONLY_TEST=composed_priority: route plan=io
ONLY_TEST=composed_priority: explicit PTX route=io symbols=["composed_priority_hostcall_e2e", "priority_echo_timeout_reuse"]

--- typed priority + v3 hostcall composed E2E ---
  语义范围：协作式 poll-boundary 优先级；不声称硬实时响应界。 
  mutation=0 (positive typed High): dispatch=4722 inject=1120 first=1121 pending=2 events=1 audit=HostcallPoolAudit { ready_empty: true, idle_packets: 5, general_mask: 15, shared_high_mask: 16, duplicate_entries: 0, missing_packets: 0, non_idle_controls: 0 } verdict=Pass
  mutation=1 (isolated raw substitution (High admission, then Normal FIFO requeue)): dispatch=1382 inject=1120 first=1142 pending=0 events=0 audit=HostcallPoolAudit { ready_empty: true, idle_packets: 5, general_mask: 15, shared_high_mask: 16, duplicate_entries: 0, missing_packets: 0, non_idle_controls: 0 } verdict=Fail(["High first-poll gap must be 1..=6, got inject=1120 first=1142 gap=22", "async echo did not expose a mandatory Pending poll", "High submit sequence: expected=1142, actual=0", "High ready must follow submit: first=1142 ready=0", "typed wait/join timeline invalid: inject=1120 wait=0 join=0 second=0", "wire task id: expected=817299007612125425, actual=0", "wire namespace: expected=190292254, actual=0", "wire local id: expected=241, actual=0", "wire priority: expected=2, actual=0", "GPU packet index: expected=4, actual=0", "GPU shared reserve provenance: expected=1, actual=0", "echo nonce: expected=13861516703092965378, actual=0", "echo task id: expected=817299007612125425, actual=0", "echo priority: expected=2, actual=0", "echo packet index: expected=4, actual=0", "echo shared reserve provenance: expected=1, actual=0", "echo process count: expected=1, actual=0", "join success: expected=1, actual=0", "second join AlreadyJoined: expected=1, actual=0", "join output identity: expected=817299007612125425, actual=0", "Low token consumed: expected=1, actual=0", "host event count: expected=1, actual=0", "fresh hazard timestamps invalid: sample=0 now=0", "fresh safe timestamps invalid: sample=0 now=0", "stale timestamps invalid: sample=0 now=0", "deadline timestamps invalid: sample=1786740413311729664 now=0", "deadline latency must exceed injected smaller threshold"])
  mutation=2 (wire priority downgrade): dispatch=4720 inject=1120 first=1121 pending=0 events=0 audit=HostcallPoolAudit { ready_empty: true, idle_packets: 5, general_mask: 15, shared_high_mask: 16, duplicate_entries: 0, missing_packets: 0, non_idle_controls: 0 } verdict=Fail(["async echo did not expose a mandatory Pending poll", "High submit sequence: expected=1121, actual=0", "High ready must follow submit: first=1121 ready=0", "wire priority: expected=2, actual=1", "GPU packet index: expected=4, actual=0", "GPU shared reserve provenance: expected=1, actual=0", "echo nonce: expected=13861516703092965379, actual=0", "echo task id: expected=817299007612125425, actual=0", "echo priority: expected=2, actual=0", "echo packet index: expected=4, actual=0", "echo shared reserve provenance: expected=1, actual=0", "echo process count: expected=1, actual=0", "echo host error: expected=0, actual=9", "join output identity: expected=817299007612125425, actual=9223372036854775817", "host event count: expected=1, actual=0", "fresh hazard timestamps invalid: sample=1786740413373418496 now=0", "fresh safe timestamps invalid: sample=1786740413373418496 now=0", "stale timestamps invalid: sample=0 now=0"])
  mutation=3 (wire identity corruption): dispatch=4723 inject=1120 first=1121 pending=3 events=1 audit=HostcallPoolAudit { ready_empty: true, idle_packets: 5, general_mask: 15, shared_high_mask: 16, duplicate_entries: 0, missing_packets: 0, non_idle_controls: 0 } verdict=Fail(["wire task id: expected=817299007612125425, actual=0", "wire namespace: expected=190292254, actual=0", "wire local id: expected=241, actual=0", "echo nonce: expected=13861516703092965380, actual=0", "echo task id: expected=817299007612125425, actual=0", "echo priority: expected=2, actual=0", "echo packet index: expected=4, actual=0", "echo shared reserve provenance: expected=1, actual=0", "echo process count: expected=1, actual=0", "echo host error: expected=0, actual=4", "join output identity: expected=817299007612125425, actual=9223372036854775812", "host task id: expected=817299007612125425, actual=0", "host namespace: expected=190292254, actual=0", "host local id: expected=241, actual=0", "host error event: expected=0, actual=4", "echo/host process sequence: expected=1, actual=0"])
  mutation=4 (host forced error): dispatch=4722 inject=1120 first=1121 pending=2 events=1 audit=HostcallPoolAudit { ready_empty: true, idle_packets: 5, general_mask: 15, shared_high_mask: 16, duplicate_entries: 0, missing_packets: 0, non_idle_controls: 0 } verdict=Fail(["echo nonce: expected=13861516703092965381, actual=0", "echo task id: expected=817299007612125425, actual=0", "echo priority: expected=2, actual=0", "echo packet index: expected=4, actual=0", "echo shared reserve provenance: expected=1, actual=0", "echo process count: expected=1, actual=0", "echo host error: expected=0, actual=5", "join output identity: expected=817299007612125425, actual=9223372036854775813", "host error event: expected=0, actual=5", "echo/host process sequence: expected=1, actual=0"])
  mutation=5 (join replay evidence): dispatch=4722 inject=1120 first=1121 pending=2 events=1 audit=HostcallPoolAudit { ready_empty: true, idle_packets: 5, general_mask: 15, shared_high_mask: 16, duplicate_entries: 0, missing_packets: 0, non_idle_controls: 0 } verdict=Fail(["second join AlreadyJoined: expected=1, actual=0"])
  timeout/reclaim/reuse: raw=[1, 3390164497, 3390164514, 1, 16, 11828, 1, 3390164514, 1, 3, 0, 1, 0, 0, 0, 0] events=[PriorityEchoEvent { request_nonce: 3390164497, echo_nonce: 3390164497, task_id: 817299007612125434, namespace: 190292254, local_id: 250, priority: High, packet_index: 1, generation: 1, shared_high_reserved: true, process_sequence: 1, process_count: 1, error_category: 16 }, PriorityEchoEvent { request_nonce: 3390164514, echo_nonce: 3390164514, task_id: 817299007612125435, namespace: 190292254, local_id: 251, priority: High, packet_index: 1, generation: 2, shared_high_reserved: true, process_sequence: 2, process_count: 1, error_category: 0 }] metrics=HostcallProcessingMetrics { completed: 1, errors: 0, cancelled: 1, stale_rejected: 0 } audit=HostcallPoolAudit { ready_empty: true, idle_packets: 2, general_mask: 1, shared_high_mask: 2, duplicate_entries: 0, missing_packets: 0, non_idle_controls: 0 }
  PASS: positive + five killed mutations + cancel/reclaim/reuse。 
TOTAL_SECONDS=1.67 EXIT=0
```

