# typed-priority.2 Phase3 final composed fresh GPU evidence (cycle 644)

EVIDENCE_CLASS=machine-direct fresh canonical GPU transcript
CAPTURE_CHAIN=exec_command/write_stdin raw chunks -> functions persistent store -> apply_patch
MANUAL_TRANSCRIPTION=false
COMMAND=ssh nv 'cd /home/fbsh/async-gpu && /usr/bin/time -f "TOTAL_SECONDS=%e EXIT=%x" timeout --signal=TERM --kill-after=10s 300s env NO_COLOR=1 CARGO_TERM_COLOR=never AUTO_BUILD_KERNEL=0 ONLY_TEST=composed_priority cargo run -p gpu-test-harness --bin gpu-tests'
DEVICE=NVIDIA GeForce RTX 4070
DEVICE_UUID=GPU-28d67e7a-0f16-5785-090d-b94662f99d3e
DRIVER=595.84
COMPUTE_CAPABILITY=8.9
PTX_PATH=/home/fbsh/async-gpu/crates/core/gpu-host/kernel_io.ptx
PTX_SHA256_BEFORE=fb95559e93eec1c07dbb4925c4564e43263cbd55de07a208ffa6b46b51e68531
PTX_SHA256_AFTER=fb95559e93eec1c07dbb4925c4564e43263cbd55de07a208ffa6b46b51e68531
PTX_SIZE_BYTES=4821968
PTX_MTIME=2026-08-15 07:20:10.697811097 +0800
PTXAS_SM89=PASS 196.71s
PTXAS_CUBIN_BYTES=21109920
PROTOCOL_SHA256=fa25c17d9b4e22141d548124894c69660d8661de88dd66235d347fc6b364393a
EXECUTOR_SHA256=de59ac88a7370163f0e3efde108a90301416eabc9f94de9ae725c1398652d717
PRIORITY_SHA256=e011b0621ca38049cb601c1b0e71ca1d4830dd908f10f333c70cc2564a6a3f3c
COMPOSED_KERNEL_SHA256=1d6d0a1d8dd2729b1b6c9a2474b4e9b0a0e792f6990bb0b1c45ffece1135e7be
SAFETY_KERNEL_SHA256=b274c2b4a39ba305f2d7e40d03dd6a85b3228114534fc3f7016425f2d9c3cbfc
SAFETY_HOST_ORACLE_SHA256=50ad86eb25344351a7b54811fe7ba6ec986f27cd2cb095faa7f4d06fb9cfc98a
TYPED_RUNNER_SHA256=cb0cf9a779972e322523e9f715c5e704be182d7984e02c5e0d4b558890167c7e
PRIOR_GPU_LAUNCH_ON_THIS_PTX=false
VERDICT=PASS

----- BEGIN RAW STDOUT+STDERR -----
   Compiling gpu-host v0.1.0 (/home/fbsh/async-gpu/crates/core/gpu-host)
   Compiling gpu-test-harness v0.1.0 (/home/fbsh/async-gpu/crates/test/gpu-test-harness)
    Finished `dev` profile [unoptimized + debuginfo] target(s) in 4.72s
     Running `target/debug/gpu-tests`
=== GPU Kernel Execution Test ===

CUDA device initialized successfully
ONLY_TEST=composed_priority: route plan=io
ONLY_TEST=composed_priority: explicit PTX route=io symbols=["composed_priority_hostcall_e2e", "priority_echo_timeout_reuse"]

--- typed priority + v3 hostcall composed E2E ---
  语义范围：协作式 poll-boundary 优先级；不声称硬实时响应界。 
  mutation=0 (positive typed High): dispatch=4724 inject=1120 first=1121 pending=4 events=1 audit=HostcallPoolAudit { ready_empty: true, idle_packets: 5, general_mask: 15, shared_high_mask: 16, duplicate_entries: 0, missing_packets: 0, non_idle_controls: 0 } verdict=Pass
    raw=[3, 112, 4, 13861516703092965377, 190292254, 241, 5, 4, 1, 224, 16, 6, 205825, 73727, 866359148514252356, 866359148514252356, 224, 1, 4, 15, 16, 1, 4724, 1120, 1121, 1121, 1125, 2245, 3365, 4485, 1786750101970925568, 1786750101971131392, 4, 4, 16, 241, 241, 0, 0, 0, 817299007612125425, 190292254, 241, 2, 4, 1, 13861516703092965377, 817299007612125425, 2, 4, 1, 1, 1, 0, 1, 1, 5, 15, 16, 0, 0, 1786750101970851840, 1, 0, 1, 1, 224, 0, 1, 817299007612125425, 0, 1, 0, 1, 1, 1, 1786750101970925568, 1786750101971131392, 205824, 205825, 1, 0, 1, 0, 1, 1, 1786750101970925568, 1786750101971131392, 205824, 205825, 0, 0, 2, 2, 0, 2, 1786750101970925566, 1786750101971131392, 205826, 205825, 1, 0, 3, 2, 0, 3, 1786750101970851840, 1786750101970925568, 73728, 73727, 1, 0]
    host_events=[PriorityEchoEvent { request_nonce: 13861516703092965377, echo_nonce: 13861516703092965377, task_id: 817299007612125425, namespace: 190292254, local_id: 241, priority: High, packet_index: 4, generation: 1, shared_high_reserved: true, process_sequence: 1, process_count: 1, error_category: 0 }]
  mutation=1 (isolated raw substitution (High admission, then Normal FIFO requeue)): dispatch=1382 inject=1120 first=1142 pending=0 events=0 audit=HostcallPoolAudit { ready_empty: true, idle_packets: 5, general_mask: 15, shared_high_mask: 16, duplicate_entries: 0, missing_packets: 0, non_idle_controls: 0 } verdict=Fail(["High first-poll gap must be 1..=6, got inject=1120 first=1142 gap=22", "High inject/first timestamps invalid: inject=1786750102164976640 first=0", "mandatory first async poll returned Pending: expected=1, actual=0", "async echo total Pending polls must be at least one", "High submit sequence: expected=1142, actual=0", "High ready must follow submit: first=1142 ready=0", "typed wait/join timeline invalid: inject=1120 wait=0 join=0 second=0", "wire task id: expected=817299007612125425, actual=0", "wire namespace: expected=190292254, actual=0", "wire local id: expected=241, actual=0", "wire priority: expected=2, actual=0", "GPU packet index: expected=4, actual=0", "GPU shared reserve provenance: expected=1, actual=0", "echo nonce: expected=13861516703092965378, actual=0", "echo task id: expected=817299007612125425, actual=0", "echo priority: expected=2, actual=0", "echo packet index: expected=4, actual=0", "echo shared reserve provenance: expected=1, actual=0", "echo process count: expected=1, actual=0", "join success: expected=1, actual=0", "second join AlreadyJoined: expected=1, actual=0", "join output identity: expected=817299007612125425, actual=0", "Low token consumed: expected=1, actual=0", "host event count: expected=1, actual=0", "fresh hazard timestamps invalid: sample=0 now=0", "fresh safe timestamps invalid: sample=0 now=0", "stale timestamps invalid: sample=0 now=0", "deadline timestamps invalid: sample=1786750102164976640 now=0", "deadline latency must exceed injected smaller threshold"])
    raw=[3, 112, 4, 13861516703092965378, 190292254, 241, 5, 4, 1, 224, 16, 6, 1, 0, 866359148514252356, 866359148514252356, 224, 1, 4, 15, 16, 1, 1382, 1120, 1142, 0, 0, 0, 0, 0, 0, 0, 0, 4, 16, 241, 241, 0, 0, 0, 0, 0, 0, 0, 0, 0, 0, 0, 0, 0, 0, 0, 0, 0, 0, 1, 5, 15, 16, 0, 0, 1786750102164976640, 0, 1, 0, 0, 224, 0, 0, 0, 1, 1, 0, 1, 1, 1, 0, 0, 0, 1, 1, 0, 1, 0, 1, 1, 0, 0, 0, 1, 0, 0, 2, 2, 0, 2, 0, 0, 2, 1, 1, 0, 3, 2, 0, 3, 1786750102164976640, 0, 0, 0, 1, 0]
    host_events=[]
  mutation=2 (wire priority downgrade): dispatch=4720 inject=1120 first=1121 pending=0 events=0 audit=HostcallPoolAudit { ready_empty: true, idle_packets: 5, general_mask: 15, shared_high_mask: 16, duplicate_entries: 0, missing_packets: 0, non_idle_controls: 0 } verdict=Fail(["mandatory first async poll returned Pending: expected=1, actual=0", "async echo total Pending polls must be at least one", "High submit sequence: expected=1121, actual=0", "High ready must follow submit: first=1121 ready=0", "wire priority: expected=2, actual=1", "GPU packet index: expected=4, actual=0", "GPU shared reserve provenance: expected=1, actual=0", "echo nonce: expected=13861516703092965379, actual=0", "echo task id: expected=817299007612125425, actual=0", "echo priority: expected=2, actual=0", "echo packet index: expected=4, actual=0", "echo shared reserve provenance: expected=1, actual=0", "echo process count: expected=1, actual=0", "echo host error: expected=0, actual=9", "join output identity: expected=817299007612125425, actual=9223372036854775817", "host event count: expected=1, actual=0", "fresh hazard timestamps invalid: sample=1786750102226691072 now=0", "fresh safe timestamps invalid: sample=1786750102226691072 now=0", "stale timestamps invalid: sample=0 now=0"])
    raw=[3, 112, 4, 13861516703092965379, 190292254, 241, 5, 4, 1, 224, 16, 6, 1, 69631, 866359148514252356, 866359148514252356, 224, 1, 4, 15, 16, 1, 4720, 1120, 1121, 0, 0, 2241, 3361, 4481, 1786750102226691072, 0, 0, 4, 16, 241, 241, 0, 0, 0, 817299007612125425, 190292254, 241, 1, 0, 0, 0, 0, 0, 0, 0, 0, 0, 9, 0, 1, 5, 15, 16, 0, 0, 1786750102226621440, 0, 2, 1, 1, 224, 0, 1, 9223372036854775817, 2, 1, 0, 1, 1, 1, 1786750102226691072, 0, 0, 1, 1, 0, 1, 0, 1, 1, 1786750102226691072, 0, 0, 1, 0, 0, 2, 2, 0, 2, 0, 0, 2, 1, 1, 0, 3, 2, 0, 3, 1786750102226621440, 1786750102226691072, 69632, 69631, 1, 0]
    host_events=[]
  mutation=3 (wire identity corruption): dispatch=4724 inject=1120 first=1121 pending=4 events=1 audit=HostcallPoolAudit { ready_empty: true, idle_packets: 5, general_mask: 15, shared_high_mask: 16, duplicate_entries: 0, missing_packets: 0, non_idle_controls: 0 } verdict=Fail(["wire task id: expected=817299007612125425, actual=817299007612125184", "wire local id: expected=241, actual=0", "echo nonce: expected=13861516703092965380, actual=0", "echo task id: expected=817299007612125425, actual=0", "echo priority: expected=2, actual=0", "echo packet index: expected=4, actual=0", "echo shared reserve provenance: expected=1, actual=0", "echo process count: expected=1, actual=0", "echo host error: expected=0, actual=4", "join output identity: expected=817299007612125425, actual=9223372036854775812", "host task id: expected=817299007612125425, actual=817299007612125184", "host local id: expected=241, actual=0", "host error event: expected=0, actual=4", "echo/host process sequence: expected=1, actual=0"])
    raw=[3, 112, 4, 13861516703092965380, 190292254, 241, 5, 4, 1, 224, 16, 6, 192513, 71679, 866359148514252356, 866359148514252356, 224, 1, 4, 15, 16, 1, 4724, 1120, 1121, 1121, 1125, 2245, 3365, 4485, 1786750102417142784, 1786750102417335296, 4, 4, 16, 241, 241, 0, 0, 0, 817299007612125184, 190292254, 0, 2, 4, 1, 0, 0, 0, 0, 0, 0, 0, 4, 1, 1, 5, 15, 16, 0, 0, 1786750102417071104, 1, 3, 1, 1, 224, 0, 1, 9223372036854775812, 3, 1, 0, 1, 1, 1, 1786750102417142784, 1786750102417335296, 192512, 192513, 1, 0, 1, 0, 1, 1, 1786750102417142784, 1786750102417335296, 192512, 192513, 0, 0, 2, 2, 0, 2, 1786750102417142782, 1786750102417335296, 192514, 192513, 1, 0, 3, 2, 0, 3, 1786750102417071104, 1786750102417142784, 71680, 71679, 1, 0]
    host_events=[PriorityEchoEvent { request_nonce: 13861516703092965380, echo_nonce: 13861516703092965380, task_id: 817299007612125184, namespace: 190292254, local_id: 0, priority: High, packet_index: 4, generation: 1, shared_high_reserved: true, process_sequence: 1, process_count: 1, error_category: 4 }]
  mutation=4 (host forced error): dispatch=4724 inject=1120 first=1121 pending=4 events=1 audit=HostcallPoolAudit { ready_empty: true, idle_packets: 5, general_mask: 15, shared_high_mask: 16, duplicate_entries: 0, missing_packets: 0, non_idle_controls: 0 } verdict=Fail(["echo nonce: expected=13861516703092965381, actual=0", "echo task id: expected=817299007612125425, actual=0", "echo priority: expected=2, actual=0", "echo packet index: expected=4, actual=0", "echo shared reserve provenance: expected=1, actual=0", "echo process count: expected=1, actual=0", "echo host error: expected=0, actual=5", "join output identity: expected=817299007612125425, actual=9223372036854775813", "host error event: expected=0, actual=5", "echo/host process sequence: expected=1, actual=0"])
    raw=[3, 112, 4, 13861516703092965381, 190292254, 241, 5, 4, 1, 224, 16, 6, 192513, 69631, 866359148514252356, 866359148514252356, 224, 1, 4, 15, 16, 1, 4724, 1120, 1121, 1121, 1125, 2245, 3365, 4485, 1786750102607139840, 1786750102607332352, 4, 4, 16, 241, 241, 0, 0, 0, 817299007612125425, 190292254, 241, 2, 4, 1, 0, 0, 0, 0, 0, 0, 0, 5, 1, 1, 5, 15, 16, 0, 0, 1786750102607070208, 1, 4, 1, 1, 224, 0, 1, 9223372036854775813, 4, 1, 0, 1, 1, 1, 1786750102607139840, 1786750102607332352, 192512, 192513, 1, 0, 1, 0, 1, 1, 1786750102607139840, 1786750102607332352, 192512, 192513, 0, 0, 2, 2, 0, 2, 1786750102607139838, 1786750102607332352, 192514, 192513, 1, 0, 3, 2, 0, 3, 1786750102607070208, 1786750102607139840, 69632, 69631, 1, 0]
    host_events=[PriorityEchoEvent { request_nonce: 13861516703092965381, echo_nonce: 13861516703092965381, task_id: 817299007612125425, namespace: 190292254, local_id: 241, priority: High, packet_index: 4, generation: 1, shared_high_reserved: true, process_sequence: 1, process_count: 1, error_category: 5 }]
  mutation=5 (join replay evidence): dispatch=4723 inject=1120 first=1121 pending=3 events=1 audit=HostcallPoolAudit { ready_empty: true, idle_packets: 5, general_mask: 15, shared_high_mask: 16, duplicate_entries: 0, missing_packets: 0, non_idle_controls: 0 } verdict=Fail(["second join AlreadyJoined: expected=1, actual=0"])
    raw=[3, 112, 4, 13861516703092965382, 190292254, 241, 5, 4, 1, 224, 16, 6, 152577, 69631, 866359148514252356, 866359148514252356, 224, 1, 4, 15, 16, 1, 4723, 1120, 1121, 1121, 1124, 2244, 3364, 4484, 1786750102798110720, 1786750102798263296, 3, 4, 16, 241, 241, 0, 0, 0, 817299007612125425, 190292254, 241, 2, 4, 1, 13861516703092965382, 817299007612125425, 2, 4, 1, 1, 1, 0, 1, 1, 5, 15, 16, 0, 0, 1786750102798041088, 1, 5, 1, 0, 224, 0, 1, 817299007612125425, 5, 1, 0, 1, 1, 1, 1786750102798110720, 1786750102798263296, 152576, 152577, 1, 0, 1, 0, 1, 1, 1786750102798110720, 1786750102798263296, 152576, 152577, 0, 0, 2, 2, 0, 2, 1786750102798110718, 1786750102798263296, 152578, 152577, 1, 0, 3, 2, 0, 3, 1786750102798041088, 1786750102798110720, 69632, 69631, 1, 0]
    host_events=[PriorityEchoEvent { request_nonce: 13861516703092965382, echo_nonce: 13861516703092965382, task_id: 817299007612125425, namespace: 190292254, local_id: 241, priority: High, packet_index: 4, generation: 1, shared_high_reserved: true, process_sequence: 1, process_count: 1, error_category: 0 }]
  timeout/reclaim/reuse: raw=[1, 3390164497, 3390164514, 1, 16, 11689, 1, 3390164514, 1, 3, 0, 1, 0, 0, 0, 0] events=[PriorityEchoEvent { request_nonce: 3390164497, echo_nonce: 3390164497, task_id: 817299007612125434, namespace: 190292254, local_id: 250, priority: High, packet_index: 1, generation: 1, shared_high_reserved: true, process_sequence: 1, process_count: 1, error_category: 16 }, PriorityEchoEvent { request_nonce: 3390164514, echo_nonce: 3390164514, task_id: 817299007612125435, namespace: 190292254, local_id: 251, priority: High, packet_index: 1, generation: 2, shared_high_reserved: true, process_sequence: 2, process_count: 1, error_category: 0 }] metrics=HostcallProcessingMetrics { completed: 1, errors: 0, cancelled: 1, stale_rejected: 0 } audit=HostcallPoolAudit { ready_empty: true, idle_packets: 2, general_mask: 1, shared_high_mask: 2, duplicate_entries: 0, missing_packets: 0, non_idle_controls: 0 }
  PASS: positive + five killed mutations + cancel/reclaim/reuse。 
TOTAL_SECONDS=207.62 EXIT=0
----- END RAW STDOUT+STDERR -----
